// Jest Snapshot v1, https://goo.gl/fbAQLP

exports[`withSwagger should create default swagger json option 1`] = `
Object {
  "components": Object {},
  "info": Object {
    "title": "NextJS Swagger",
    "version": "0.1.0",
  },
  "openapi": "3.0.0",
  "paths": Object {},
  "tags": Array [],
}
`;
